../Core/Src/main.c:77:5:main	104	static
../Core/Src/main.c:170:6:SystemClock_Config	88	static
../Core/Src/main.c:217:13:MX_TIM2_Init	48	static
../Core/Src/main.c:268:13:MX_TIM10_Init	8	static
../Core/Src/main.c:299:13:MX_GPIO_Init	40	static
../Core/Src/main.c:358:6:StartDefaultTask	16	static
../Core/Src/main.c:378:6:StartLedTask02	16	static
../Core/Src/main.c:399:6:StartToogleTask03	24	static
../Core/Src/main.c:432:6:HAL_TIM_PeriodElapsedCallback	16	static
../Core/Src/main.c:449:6:Error_Handler	4	static,ignoring_inline_asm
