../Core/Src/main.c:77:5:main	104	static
../Core/Src/main.c:170:6:SystemClock_Config	88	static
../Core/Src/main.c:217:13:MX_TIM2_Init	48	static
../Core/Src/main.c:267:13:MX_TIM10_Init	8	static
../Core/Src/main.c:298:13:MX_GPIO_Init	40	static
../Core/Src/main.c:357:6:StartDefaultTask	16	static
../Core/Src/main.c:377:6:StartLedTask02	16	static
../Core/Src/main.c:398:6:StartToogleTask03	24	static
../Core/Src/main.c:432:6:HAL_TIM_PeriodElapsedCallback	16	static
../Core/Src/main.c:449:6:Error_Handler	4	static,ignoring_inline_asm
